Archive member included to satisfy reference by file (symbol)

d:/software/stm32/stm32cubeide_1.5.0/stm32cubeide/plugins/com.st.stm32cube.ide.mcu.externaltools.gnu-tools-for-stm32.7-2018-q2-update.win32_1.5.0.202011040924/tools/bin/../lib/gcc/arm-none-eabi/7.3.1/../../../../arm-none-eabi/lib/thumb/v7e-m/fpv4-sp/hard\libc_nano.a(lib_a-errno.o)
                              Core/Src/syscalls.o (__errno)
d:/software/stm32/stm32cubeide_1.5.0/stm32cubeide/plugins/com.st.stm32cube.ide.mcu.externaltools.gnu-tools-for-stm32.7-2018-q2-update.win32_1.5.0.202011040924/tools/bin/../lib/gcc/arm-none-eabi/7.3.1/../../../../arm-none-eabi/lib/thumb/v7e-m/fpv4-sp/hard\libc_nano.a(lib_a-exit.o)
                              d:/software/stm32/stm32cubeide_1.5.0/stm32cubeide/plugins/com.st.stm32cube.ide.mcu.externaltools.gnu-tools-for-stm32.7-2018-q2-update.win32_1.5.0.202011040924/tools/bin/../lib/gcc/arm-none-eabi/7.3.1/../../../../arm-none-eabi/lib/thumb/v7e-m/fpv4-sp/hard/crt0.o (exit)
d:/software/stm32/stm32cubeide_1.5.0/stm32cubeide/plugins/com.st.stm32cube.ide.mcu.externaltools.gnu-tools-for-stm32.7-2018-q2-update.win32_1.5.0.202011040924/tools/bin/../lib/gcc/arm-none-eabi/7.3.1/../../../../arm-none-eabi/lib/thumb/v7e-m/fpv4-sp/hard\libc_nano.a(lib_a-impure.o)
                              d:/software/stm32/stm32cubeide_1.5.0/stm32cubeide/plugins/com.st.stm32cube.ide.mcu.externaltools.gnu-tools-for-stm32.7-2018-q2-update.win32_1.5.0.202011040924/tools/bin/../lib/gcc/arm-none-eabi/7.3.1/../../../../arm-none-eabi/lib/thumb/v7e-m/fpv4-sp/hard\libc_nano.a(lib_a-exit.o) (_global_impure_ptr)
d:/software/stm32/stm32cubeide_1.5.0/stm32cubeide/plugins/com.st.stm32cube.ide.mcu.externaltools.gnu-tools-for-stm32.7-2018-q2-update.win32_1.5.0.202011040924/tools/bin/../lib/gcc/arm-none-eabi/7.3.1/../../../../arm-none-eabi/lib/thumb/v7e-m/fpv4-sp/hard\libc_nano.a(lib_a-init.o)
                              d:/software/stm32/stm32cubeide_1.5.0/stm32cubeide/plugins/com.st.stm32cube.ide.mcu.externaltools.gnu-tools-for-stm32.7-2018-q2-update.win32_1.5.0.202011040924/tools/bin/../lib/gcc/arm-none-eabi/7.3.1/../../../../arm-none-eabi/lib/thumb/v7e-m/fpv4-sp/hard/crt0.o (__libc_init_array)
d:/software/stm32/stm32cubeide_1.5.0/stm32cubeide/plugins/com.st.stm32cube.ide.mcu.externaltools.gnu-tools-for-stm32.7-2018-q2-update.win32_1.5.0.202011040924/tools/bin/../lib/gcc/arm-none-eabi/7.3.1/../../../../arm-none-eabi/lib/thumb/v7e-m/fpv4-sp/hard\libc_nano.a(lib_a-memset.o)
                              d:/software/stm32/stm32cubeide_1.5.0/stm32cubeide/plugins/com.st.stm32cube.ide.mcu.externaltools.gnu-tools-for-stm32.7-2018-q2-update.win32_1.5.0.202011040924/tools/bin/../lib/gcc/arm-none-eabi/7.3.1/../../../../arm-none-eabi/lib/thumb/v7e-m/fpv4-sp/hard/crt0.o (memset)

Allocating common symbols
Common symbol       size              file

uwTick              0x4               Drivers/STM32F3xx_HAL_Driver/Src/stm32f3xx_hal.o
pFlash              0x20              Drivers/STM32F3xx_HAL_Driver/Src/stm32f3xx_hal_flash.o

Discarded input sections

 .text          0x0000000000000000        0x0 d:/software/stm32/stm32cubeide_1.5.0/stm32cubeide/plugins/com.st.stm32cube.ide.mcu.externaltools.gnu-tools-for-stm32.7-2018-q2-update.win32_1.5.0.202011040924/tools/bin/../lib/gcc/arm-none-eabi/7.3.1/thumb/v7e-m/fpv4-sp/hard/crti.o
 .data          0x0000000000000000        0x0 d:/software/stm32/stm32cubeide_1.5.0/stm32cubeide/plugins/com.st.stm32cube.ide.mcu.externaltools.gnu-tools-for-stm32.7-2018-q2-update.win32_1.5.0.202011040924/tools/bin/../lib/gcc/arm-none-eabi/7.3.1/thumb/v7e-m/fpv4-sp/hard/crti.o
 .bss           0x0000000000000000        0x0 d:/software/stm32/stm32cubeide_1.5.0/stm32cubeide/plugins/com.st.stm32cube.ide.mcu.externaltools.gnu-tools-for-stm32.7-2018-q2-update.win32_1.5.0.202011040924/tools/bin/../lib/gcc/arm-none-eabi/7.3.1/thumb/v7e-m/fpv4-sp/hard/crti.o
 .data          0x0000000000000000        0x4 d:/software/stm32/stm32cubeide_1.5.0/stm32cubeide/plugins/com.st.stm32cube.ide.mcu.externaltools.gnu-tools-for-stm32.7-2018-q2-update.win32_1.5.0.202011040924/tools/bin/../lib/gcc/arm-none-eabi/7.3.1/thumb/v7e-m/fpv4-sp/hard/crtbegin.o
 .text          0x0000000000000000       0x74 d:/software/stm32/stm32cubeide_1.5.0/stm32cubeide/plugins/com.st.stm32cube.ide.mcu.externaltools.gnu-tools-for-stm32.7-2018-q2-update.win32_1.5.0.202011040924/tools/bin/../lib/gcc/arm-none-eabi/7.3.1/../../../../arm-none-eabi/lib/thumb/v7e-m/fpv4-sp/hard/crt0.o
 .data          0x0000000000000000        0x0 d:/software/stm32/stm32cubeide_1.5.0/stm32cubeide/plugins/com.st.stm32cube.ide.mcu.externaltools.gnu-tools-for-stm32.7-2018-q2-update.win32_1.5.0.202011040924/tools/bin/../lib/gcc/arm-none-eabi/7.3.1/../../../../arm-none-eabi/lib/thumb/v7e-m/fpv4-sp/hard/crt0.o
[...]
Memory Configuration

Name             Origin             Length             Attributes
CCMRAM           0x0000000010000000 0x0000000000004000 xrw
RAM              0x0000000020000000 0x0000000000010000 xrw
FLASH            0x0000000008000000 0x0000000000080000 xr
*default*        0x0000000000000000 0xffffffffffffffff

Linker script and memory map

LOAD d:/software/stm32/stm32cubeide_1.5.0/stm32cubeide/plugins/com.st.stm32cube.ide.mcu.externaltools.gnu-tools-for-stm32.7-2018-q2-update.win32_1.5.0.202011040924/tools/bin/../lib/gcc/arm-none-eabi/7.3.1/thumb/v7e-m/fpv4-sp/hard/crti.o
LOAD d:/software/stm32/stm32cubeide_1.5.0/stm32cubeide/plugins/com.st.stm32cube.ide.mcu.externaltools.gnu-tools-for-stm32.7-2018-q2-update.win32_1.5.0.202011040924/tools/bin/../lib/gcc/arm-none-eabi/7.3.1/thumb/v7e-m/fpv4-sp/hard/crtbegin.o
LOAD d:/software/stm32/stm32cubeide_1.5.0/stm32cubeide/plugins/com.st.stm32cube.ide.mcu.externaltools.gnu-tools-for-stm32.7-2018-q2-update.win32_1.5.0.202011040924/tools/bin/../lib/gcc/arm-none-eabi/7.3.1/../../../../arm-none-eabi/lib/thumb/v7e-m/fpv4-sp/hard/crt0.o
LOAD Core/Src/main.o
LOAD Core/Src/stm32f3xx_hal_msp.o
LOAD Core/Src/stm32f3xx_it.o
LOAD Core/Src/syscalls.o
LOAD Core/Src/sysmem.o
LOAD Core/Src/system_stm32f3xx.o
LOAD Core/Startup/startup_stm32f303retx.o
LOAD Drivers/STM32F3xx_HAL_Driver/Src/stm32f3xx_hal.o
LOAD Drivers/STM32F3xx_HAL_Driver/Src/stm32f3xx_hal_cortex.o
LOAD Drivers/STM32F3xx_HAL_Driver/Src/stm32f3xx_hal_dma.o
LOAD Drivers/STM32F3xx_HAL_Driver/Src/stm32f3xx_hal_exti.o
LOAD Drivers/STM32F3xx_HAL_Driver/Src/stm32f3xx_hal_flash.o
LOAD Drivers/STM32F3xx_HAL_Driver/Src/stm32f3xx_hal_flash_ex.o
LOAD Drivers/STM32F3xx_HAL_Driver/Src/stm32f3xx_hal_gpio.o
LOAD Drivers/STM32F3xx_HAL_Driver/Src/stm32f3xx_hal_i2c.o
LOAD Drivers/STM32F3xx_HAL_Driver/Src/stm32f3xx_hal_i2c_ex.o
LOAD Drivers/STM32F3xx_HAL_Driver/Src/stm32f3xx_hal_pwr.o
LOAD Drivers/STM32F3xx_HAL_Driver/Src/stm32f3xx_hal_pwr_ex.o
LOAD Drivers/STM32F3xx_HAL_Driver/Src/stm32f3xx_hal_rcc.o
LOAD Drivers/STM32F3xx_HAL_Driver/Src/stm32f3xx_hal_rcc_ex.o
LOAD Drivers/STM32F3xx_HAL_Driver/Src/stm32f3xx_hal_tim.o
LOAD Drivers/STM32F3xx_HAL_Driver/Src/stm32f3xx_hal_tim_ex.o
START GROUP
LOAD d:/software/stm32/stm32cubeide_1.5.0/stm32cubeide/plugins/com.st.stm32cube.ide.mcu.externaltools.gnu-tools-for-stm32.7-2018-q2-update.win32_1.5.0.202011040924/tools/bin/../lib/gcc/arm-none-eabi/7.3.1/../../../../arm-none-eabi/lib/thumb/v7e-m/fpv4-sp/hard\libc_nano.a
LOAD d:/software/stm32/stm32cubeide_1.5.0/stm32cubeide/plugins/com.st.stm32cube.ide.mcu.externaltools.gnu-tools-for-stm32.7-2018-q2-update.win32_1.5.0.202011040924/tools/bin/../lib/gcc/arm-none-eabi/7.3.1/../../../../arm-none-eabi/lib/thumb/v7e-m/fpv4-sp/hard\libm.a
END GROUP
START GROUP
LOAD d:/software/stm32/stm32cubeide_1.5.0/stm32cubeide/plugins/com.st.stm32cube.ide.mcu.externaltools.gnu-tools-for-stm32.7-2018-q2-update.win32_1.5.0.202011040924/tools/bin/../lib/gcc/arm-none-eabi/7.3.1/thumb/v7e-m/fpv4-sp/hard\libgcc.a
LOAD d:/software/stm32/stm32cubeide_1.5.0/stm32cubeide/plugins/com.st.stm32cube.ide.mcu.externaltools.gnu-tools-for-stm32.7-2018-q2-update.win32_1.5.0.202011040924/tools/bin/../lib/gcc/arm-none-eabi/7.3.1/../../../../arm-none-eabi/lib/thumb/v7e-m/fpv4-sp/hard\libc_nano.a
END GROUP
START GROUP
LOAD d:/software/stm32/stm32cubeide_1.5.0/stm32cubeide/plugins/com.st.stm32cube.ide.mcu.externaltools.gnu-tools-for-stm32.7-2018-q2-update.win32_1.5.0.202011040924/tools/bin/../lib/gcc/arm-none-eabi/7.3.1/thumb/v7e-m/fpv4-sp/hard\libgcc.a
LOAD d:/software/stm32/stm32cubeide_1.5.0/stm32cubeide/plugins/com.st.stm32cube.ide.mcu.externaltools.gnu-tools-for-stm32.7-2018-q2-update.win32_1.5.0.202011040924/tools/bin/../lib/gcc/arm-none-eabi/7.3.1/../../../../arm-none-eabi/lib/thumb/v7e-m/fpv4-sp/hard\libc_nano.a
LOAD d:/software/stm32/stm32cubeide_1.5.0/stm32cubeide/plugins/com.st.stm32cube.ide.mcu.externaltools.gnu-tools-for-stm32.7-2018-q2-update.win32_1.5.0.202011040924/tools/bin/../lib/gcc/arm-none-eabi/7.3.1/../../../../arm-none-eabi/lib/thumb/v7e-m/fpv4-sp/hard\libnosys.a
END GROUP
START GROUP
LOAD d:/software/stm32/stm32cubeide_1.5.0/stm32cubeide/plugins/com.st.stm32cube.ide.mcu.externaltools.gnu-tools-for-stm32.7-2018-q2-update.win32_1.5.0.202011040924/tools/bin/../lib/gcc/arm-none-eabi/7.3.1/thumb/v7e-m/fpv4-sp/hard\libgcc.a
LOAD d:/software/stm32/stm32cubeide_1.5.0/stm32cubeide/plugins/com.st.stm32cube.ide.mcu.externaltools.gnu-tools-for-stm32.7-2018-q2-update.win32_1.5.0.202011040924/tools/bin/../lib/gcc/arm-none-eabi/7.3.1/../../../../arm-none-eabi/lib/thumb/v7e-m/fpv4-sp/hard\libc_nano.a
LOAD d:/software/stm32/stm32cubeide_1.5.0/stm32cubeide/plugins/com.st.stm32cube.ide.mcu.externaltools.gnu-tools-for-stm32.7-2018-q2-update.win32_1.5.0.202011040924/tools/bin/../lib/gcc/arm-none-eabi/7.3.1/../../../../arm-none-eabi/lib/thumb/v7e-m/fpv4-sp/hard\libnosys.a
END GROUP
LOAD d:/software/stm32/stm32cubeide_1.5.0/stm32cubeide/plugins/com.st.stm32cube.ide.mcu.externaltools.gnu-tools-for-stm32.7-2018-q2-update.win32_1.5.0.202011040924/tools/bin/../lib/gcc/arm-none-eabi/7.3.1/thumb/v7e-m/fpv4-sp/hard/crtend.o
LOAD d:/software/stm32/stm32cubeide_1.5.0/stm32cubeide/plugins/com.st.stm32cube.ide.mcu.externaltools.gnu-tools-for-stm32.7-2018-q2-update.win32_1.5.0.202011040924/tools/bin/../lib/gcc/arm-none-eabi/7.3.1/thumb/v7e-m/fpv4-sp/hard/crtn.o
                0x0000000020010000                _estack = (ORIGIN (RAM) + LENGTH (RAM))
                0x0000000000000200                _Min_Heap_Size = 0x200
                0x0000000000000400                _Min_Stack_Size = 0x400

.isr_vector     0x0000000008000000      0x194
                0x0000000008000000                . = ALIGN (0x4)
 *(.isr_vector)
 .isr_vector    0x0000000008000000      0x194 Core/Startup/startup_stm32f303retx.o
                0x0000000008000000                g_pfnVectors
                0x0000000008000194                . = ALIGN (0x4)

.text           0x0000000008000194     0x1cb0
                0x0000000008000194                . = ALIGN (0x4)
 *(.text)
 .text          0x0000000008000194       0x40 d:/software/stm32/stm32cubeide_1.5.0/stm32cubeide/plugins/com.st.stm32cube.ide.mcu.externaltools.gnu-tools-for-stm32.7-2018-q2-update.win32_1.5.0.202011040924/tools/bin/../lib/gcc/arm-none-eabi/7.3.1/thumb/v7e-m/fpv4-sp/hard/crtbegin.o
 *(.text*)
 .text.main     0x00000000080001d4       0x48 Core/Src/main.o
                0x00000000080001d4                main
 .text.SystemClock_Config
                0x000000000800021c       0x76 Core/Src/main.o
                0x000000000800021c                SystemClock_Config
 *fill*         0x0000000008000292        0x2 
 .text.MX_GPIO_Init
                0x0000000008000294       0xb0 Core/Src/main.o
 .text.Error_Handler
                0x0000000008000344        0x8 Core/Src/main.o
                0x0000000008000344                Error_Handler
 .text.HAL_MspInit
                0x000000000800034c       0x48 Core/Src/stm32f3xx_hal_msp.o
                0x000000000800034c                HAL_MspInit
 .text.NMI_Handler
                0x0000000008000394        0x6 Core/Src/stm32f3xx_it.o
                0x0000000008000394                NMI_Handler
 .text.HardFault_Handler
                0x000000000800039a        0x6 Core/Src/stm32f3xx_it.o
                0x000000000800039a                HardFault_Handler
 .text.MemManage_Handler
                0x00000000080003a0        0x6 Core/Src/stm32f3xx_it.o
                0x00000000080003a0                MemManage_Handler
 .text.BusFault_Handler
                0x00000000080003a6        0x6 Core/Src/stm32f3xx_it.o
                0x00000000080003a6                BusFault_Handler
 .text.UsageFault_Handler
                0x00000000080003ac        0x6 Core/Src/stm32f3xx_it.o
                0x00000000080003ac                UsageFault_Handler
 .text.SVC_Handler
                0x00000000080003b2        0xe Core/Src/stm32f3xx_it.o
                0x00000000080003b2                SVC_Handler
 .text.DebugMon_Handler
                0x00000000080003c0        0xe Core/Src/stm32f3xx_it.o
                0x00000000080003c0                DebugMon_Handler
 .text.PendSV_Handler
                0x00000000080003ce        0xe Core/Src/stm32f3xx_it.o
                0x00000000080003ce                PendSV_Handler
 .text.SysTick_Handler
                0x00000000080003dc        0xc Core/Src/stm32f3xx_it.o
                0x00000000080003dc                SysTick_Handler
 .text.EXTI15_10_IRQHandler
                0x00000000080003e8       0x10 Core/Src/stm32f3xx_it.o
                0x00000000080003e8                EXTI15_10_IRQHandler
 .text.SystemInit
                0x00000000080003f8       0x24 Core/Src/system_stm32f3xx.o
                0x00000000080003f8                SystemInit
 .text.Reset_Handler
                0x000000000800041c       0x50 Core/Startup/startup_stm32f303retx.o
                0x000000000800041c                Reset_Handler
 .text.Default_Handler
                0x000000000800046c        0x2 Core/Startup/startup_stm32f303retx.o
                0x000000000800046c                RTC_Alarm_IRQHandler
                0x000000000800046c                TIM8_TRG_COM_IRQHandler
                0x000000000800046c                TIM8_CC_IRQHandler
                0x000000000800046c                SPI4_IRQHandler
                0x000000000800046c                TIM1_CC_IRQHandler
                0x000000000800046c                USB_HP_IRQHandler
                0x000000000800046c                PVD_IRQHandler
                0x000000000800046c                TAMP_STAMP_IRQHandler
                0x000000000800046c                EXTI3_IRQHandler
                0x000000000800046c                I2C3_ER_IRQHandler
                0x000000000800046c                USB_HP_CAN_TX_IRQHandler
                0x000000000800046c                EXTI0_IRQHandler
                0x000000000800046c                I2C2_EV_IRQHandler
                0x000000000800046c                FPU_IRQHandler
                0x000000000800046c                TIM1_UP_TIM16_IRQHandler
                0x000000000800046c                ADC1_2_IRQHandler
                0x000000000800046c                SPI1_IRQHandler
                0x000000000800046c                CAN_SCE_IRQHandler
                0x000000000800046c                TIM6_DAC_IRQHandler
                0x000000000800046c                TIM8_UP_IRQHandler
                0x000000000800046c                DMA2_Channel2_IRQHandler
                0x000000000800046c                DMA1_Channel4_IRQHandler
                0x000000000800046c                TIM20_TRG_COM_IRQHandler
                0x000000000800046c                USART3_IRQHandler
                0x000000000800046c                DMA1_Channel7_IRQHandler
                0x000000000800046c                UART5_IRQHandler
                0x000000000800046c                ADC3_IRQHandler
                0x000000000800046c                TIM4_IRQHandler
                0x000000000800046c                CAN_RX1_IRQHandler
                0x000000000800046c                DMA2_Channel1_IRQHandler
                0x000000000800046c                I2C1_EV_IRQHandler
                0x000000000800046c                DMA1_Channel6_IRQHandler
                0x000000000800046c                UART4_IRQHandler
                0x000000000800046c                DMA2_Channel4_IRQHandler
                0x000000000800046c                TIM3_IRQHandler
                0x000000000800046c                RCC_IRQHandler
                0x000000000800046c                TIM20_UP_IRQHandler
                0x000000000800046c                DMA1_Channel1_IRQHandler
                0x000000000800046c                Default_Handler
                0x000000000800046c                USBWakeUp_RMP_IRQHandler
                0x000000000800046c                TIM7_IRQHandler
                0x000000000800046c                I2C3_EV_IRQHandler
                0x000000000800046c                EXTI9_5_IRQHandler
                0x000000000800046c                RTC_WKUP_IRQHandler
                0x000000000800046c                SPI2_IRQHandler
                0x000000000800046c                USB_LP_CAN_RX0_IRQHandler
                0x000000000800046c                DMA2_Channel5_IRQHandler
                0x000000000800046c                DMA1_Channel5_IRQHandler
                0x000000000800046c                USB_LP_IRQHandler
                0x000000000800046c                EXTI4_IRQHandler
                0x000000000800046c                TIM1_TRG_COM_TIM17_IRQHandler
                0x000000000800046c                DMA1_Channel3_IRQHandler
                0x000000000800046c                ADC4_IRQHandler
                0x000000000800046c                WWDG_IRQHandler
                0x000000000800046c                TIM2_IRQHandler
                0x000000000800046c                COMP7_IRQHandler
                0x000000000800046c                COMP1_2_3_IRQHandler
                0x000000000800046c                EXTI1_IRQHandler
                0x000000000800046c                USART2_IRQHandler
                0x000000000800046c                COMP4_5_6_IRQHandler
                0x000000000800046c                TIM20_BRK_IRQHandler
                0x000000000800046c                I2C2_ER_IRQHandler
                0x000000000800046c                DMA1_Channel2_IRQHandler
                0x000000000800046c                TIM8_BRK_IRQHandler
                0x000000000800046c                FLASH_IRQHandler
                0x000000000800046c                TIM20_CC_IRQHandler
                0x000000000800046c                USART1_IRQHandler
                0x000000000800046c                SPI3_IRQHandler
                0x000000000800046c                I2C1_ER_IRQHandler
                0x000000000800046c                FMC_IRQHandler
                0x000000000800046c                USBWakeUp_IRQHandler
                0x000000000800046c                DMA2_Channel3_IRQHandler
                0x000000000800046c                EXTI2_TSC_IRQHandler
                0x000000000800046c                TIM1_BRK_TIM15_IRQHandler
 *fill*         0x000000000800046e        0x2 
 .text.HAL_Init
                0x0000000008000470       0x2c Drivers/STM32F3xx_HAL_Driver/Src/stm32f3xx_hal.o
                0x0000000008000470                HAL_Init
 .text.HAL_InitTick
                0x000000000800049c       0x60 Drivers/STM32F3xx_HAL_Driver/Src/stm32f3xx_hal.o
                0x000000000800049c                HAL_InitTick
 .text.HAL_IncTick
                0x00000000080004fc       0x28 Drivers/STM32F3xx_HAL_Driver/Src/stm32f3xx_hal.o
                0x00000000080004fc                HAL_IncTick
 .text.HAL_GetTick
                0x0000000008000524       0x18 Drivers/STM32F3xx_HAL_Driver/Src/stm32f3xx_hal.o
                0x0000000008000524                HAL_GetTick
 .text.HAL_Delay
                0x000000000800053c       0x44 Drivers/STM32F3xx_HAL_Driver/Src/stm32f3xx_hal.o
                0x000000000800053c                HAL_Delay
 .text.HAL_SuspendTick
                0x0000000008000580       0x20 Drivers/STM32F3xx_HAL_Driver/Src/stm32f3xx_hal.o
                0x0000000008000580                HAL_SuspendTick
 .text.HAL_ResumeTick
                0x00000000080005a0       0x20 Drivers/STM32F3xx_HAL_Driver/Src/stm32f3xx_hal.o
                0x00000000080005a0                HAL_ResumeTick
 .text.__NVIC_SetPriorityGrouping
                0x00000000080005c0       0x48 Drivers/STM32F3xx_HAL_Driver/Src/stm32f3xx_hal_cortex.o
 .text.__NVIC_GetPriorityGrouping
                0x0000000008000608       0x1c Drivers/STM32F3xx_HAL_Driver/Src/stm32f3xx_hal_cortex.o
 .text.__NVIC_EnableIRQ
                0x0000000008000624       0x3c Drivers/STM32F3xx_HAL_Driver/Src/stm32f3xx_hal_cortex.o
 .text.__NVIC_SetPriority
                0x0000000008000660       0x54 Drivers/STM32F3xx_HAL_Driver/Src/stm32f3xx_hal_cortex.o
 .text.NVIC_EncodePriority
                0x00000000080006b4       0x66 Drivers/STM32F3xx_HAL_Driver/Src/stm32f3xx_hal_cortex.o
 *fill*         0x000000000800071a        0x2 
 .text.SysTick_Config
                0x000000000800071c       0x44 Drivers/STM32F3xx_HAL_Driver/Src/stm32f3xx_hal_cortex.o
 .text.HAL_NVIC_SetPriorityGrouping
                0x0000000008000760       0x16 Drivers/STM32F3xx_HAL_Driver/Src/stm32f3xx_hal_cortex.o
                0x0000000008000760                HAL_NVIC_SetPriorityGrouping
 .text.HAL_NVIC_SetPriority
                0x0000000008000776       0x38 Drivers/STM32F3xx_HAL_Driver/Src/stm32f3xx_hal_cortex.o
                0x0000000008000776                HAL_NVIC_SetPriority
 .text.HAL_NVIC_EnableIRQ
                0x00000000080007ae       0x1c Drivers/STM32F3xx_HAL_Driver/Src/stm32f3xx_hal_cortex.o
                0x00000000080007ae                HAL_NVIC_EnableIRQ
 .text.HAL_SYSTICK_Config
                0x00000000080007ca       0x18 Drivers/STM32F3xx_HAL_Driver/Src/stm32f3xx_hal_cortex.o
                0x00000000080007ca                HAL_SYSTICK_Config
 *fill*         0x00000000080007e2        0x2 
 .text.HAL_GPIO_Init
                0x00000000080007e4      0x314 Drivers/STM32F3xx_HAL_Driver/Src/stm32f3xx_hal_gpio.o
                0x00000000080007e4                HAL_GPIO_Init
 .text.HAL_GPIO_WritePin
                0x0000000008000af8       0x30 Drivers/STM32F3xx_HAL_Driver/Src/stm32f3xx_hal_gpio.o
                0x0000000008000af8                HAL_GPIO_WritePin
 .text.HAL_GPIO_TogglePin
                0x0000000008000b28       0x34 Drivers/STM32F3xx_HAL_Driver/Src/stm32f3xx_hal_gpio.o
                0x0000000008000b28                HAL_GPIO_TogglePin
 .text.HAL_GPIO_EXTI_IRQHandler
                0x0000000008000b5c       0x30 Drivers/STM32F3xx_HAL_Driver/Src/stm32f3xx_hal_gpio.o
                0x0000000008000b5c                HAL_GPIO_EXTI_IRQHandler
 .text.HAL_GPIO_EXTI_Callback
                0x0000000008000b8c       0x16 Drivers/STM32F3xx_HAL_Driver/Src/stm32f3xx_hal_gpio.o
                0x0000000008000b8c                HAL_GPIO_EXTI_Callback
 *fill*         0x0000000008000ba2        0x2 
 .text.HAL_PWR_EnterSLEEPMode
                0x0000000008000ba4       0x38 Drivers/STM32F3xx_HAL_Driver/Src/stm32f3xx_hal_pwr.o
                0x0000000008000ba4                HAL_PWR_EnterSLEEPMode
 .text.HAL_RCC_OscConfig
                0x0000000008000bdc      0xe2c Drivers/STM32F3xx_HAL_Driver/Src/stm32f3xx_hal_rcc.o
                0x0000000008000bdc                HAL_RCC_OscConfig
 .text.HAL_RCC_ClockConfig
                0x0000000008001a08      0x2f8 Drivers/STM32F3xx_HAL_Driver/Src/stm32f3xx_hal_rcc.o
                0x0000000008001a08                HAL_RCC_ClockConfig
 .text.HAL_RCC_GetSysClockFreq
                0x0000000008001d00       0xd4 Drivers/STM32F3xx_HAL_Driver/Src/stm32f3xx_hal_rcc.o
                0x0000000008001d00                HAL_RCC_GetSysClockFreq
 .text.__libc_init_array
                0x0000000008001dd4       0x48 d:/software/stm32/stm32cubeide_1.5.0/stm32cubeide/plugins/com.st.stm32cube.ide.mcu.externaltools.gnu-tools-for-stm32.7-2018-q2-update.win32_1.5.0.202011040924/tools/bin/../lib/gcc/arm-none-eabi/7.3.1/../../../../arm-none-eabi/lib/thumb/v7e-m/fpv4-sp/hard\libc_nano.a(lib_a-init.o)
                0x0000000008001dd4                __libc_init_array
 .text.memset   0x0000000008001e1c       0x10 d:/software/stm32/stm32cubeide_1.5.0/stm32cubeide/plugins/com.st.stm32cube.ide.mcu.externaltools.gnu-tools-for-stm32.7-2018-q2-update.win32_1.5.0.202011040924/tools/bin/../lib/gcc/arm-none-eabi/7.3.1/../../../../arm-none-eabi/lib/thumb/v7e-m/fpv4-sp/hard\libc_nano.a(lib_a-memset.o)
                0x0000000008001e1c                memset
 *(.glue_7)
 .glue_7        0x0000000008001e2c        0x0 linker stubs
 *(.glue_7t)
 .glue_7t       0x0000000008001e2c        0x0 linker stubs
 *(.eh_frame)
 .eh_frame      0x0000000008001e2c        0x0 d:/software/stm32/stm32cubeide_1.5.0/stm32cubeide/plugins/com.st.stm32cube.ide.mcu.externaltools.gnu-tools-for-stm32.7-2018-q2-update.win32_1.5.0.202011040924/tools/bin/../lib/gcc/arm-none-eabi/7.3.1/thumb/v7e-m/fpv4-sp/hard/crtbegin.o
 *(.init)
 .init          0x0000000008001e2c        0x4 d:/software/stm32/stm32cubeide_1.5.0/stm32cubeide/plugins/com.st.stm32cube.ide.mcu.externaltools.gnu-tools-for-stm32.7-2018-q2-update.win32_1.5.0.202011040924/tools/bin/../lib/gcc/arm-none-eabi/7.3.1/thumb/v7e-m/fpv4-sp/hard/crti.o
                0x0000000008001e2c                _init
 .init          0x0000000008001e30        0x8 d:/software/stm32/stm32cubeide_1.5.0/stm32cubeide/plugins/com.st.stm32cube.ide.mcu.externaltools.gnu-tools-for-stm32.7-2018-q2-update.win32_1.5.0.202011040924/tools/bin/../lib/gcc/arm-none-eabi/7.3.1/thumb/v7e-m/fpv4-sp/hard/crtn.o
 *(.fini)
 .fini          0x0000000008001e38        0x4 d:/software/stm32/stm32cubeide_1.5.0/stm32cubeide/plugins/com.st.stm32cube.ide.mcu.externaltools.gnu-tools-for-stm32.7-2018-q2-update.win32_1.5.0.202011040924/tools/bin/../lib/gcc/arm-none-eabi/7.3.1/thumb/v7e-m/fpv4-sp/hard/crti.o
                0x0000000008001e38                _fini
 .fini          0x0000000008001e3c        0x8 d:/software/stm32/stm32cubeide_1.5.0/stm32cubeide/plugins/com.st.stm32cube.ide.mcu.externaltools.gnu-tools-for-stm32.7-2018-q2-update.win32_1.5.0.202011040924/tools/bin/../lib/gcc/arm-none-eabi/7.3.1/thumb/v7e-m/fpv4-sp/hard/crtn.o
                0x0000000008001e44                . = ALIGN (0x4)
                0x0000000008001e44                _etext = .

.vfp11_veneer   0x0000000008001e44        0x0
 .vfp11_veneer  0x0000000008001e44        0x0 linker stubs

.v4_bx          0x0000000008001e44        0x0
 .v4_bx         0x0000000008001e44        0x0 linker stubs

.iplt           0x0000000008001e44        0x0
 .iplt          0x0000000008001e44        0x0 d:/software/stm32/stm32cubeide_1.5.0/stm32cubeide/plugins/com.st.stm32cube.ide.mcu.externaltools.gnu-tools-for-stm32.7-2018-q2-update.win32_1.5.0.202011040924/tools/bin/../lib/gcc/arm-none-eabi/7.3.1/thumb/v7e-m/fpv4-sp/hard/crtbegin.o

.rodata         0x0000000008001e44       0x30
                0x0000000008001e44                . = ALIGN (0x4)
 *(.rodata)
 *(.rodata*)
 .rodata.AHBPrescTable
                0x0000000008001e44       0x10 Core/Src/system_stm32f3xx.o
                0x0000000008001e44                AHBPrescTable
 .rodata.aPLLMULFactorTable
                0x0000000008001e54       0x10 Drivers/STM32F3xx_HAL_Driver/Src/stm32f3xx_hal_rcc.o
                0x0000000008001e54                aPLLMULFactorTable
 .rodata.aPredivFactorTable
                0x0000000008001e64       0x10 Drivers/STM32F3xx_HAL_Driver/Src/stm32f3xx_hal_rcc.o
                0x0000000008001e64                aPredivFactorTable
                0x0000000008001e74                . = ALIGN (0x4)

.rel.dyn        0x0000000008001e74        0x0
 .rel.iplt      0x0000000008001e74        0x0 d:/software/stm32/stm32cubeide_1.5.0/stm32cubeide/plugins/com.st.stm32cube.ide.mcu.externaltools.gnu-tools-for-stm32.7-2018-q2-update.win32_1.5.0.202011040924/tools/bin/../lib/gcc/arm-none-eabi/7.3.1/thumb/v7e-m/fpv4-sp/hard/crtbegin.o

.ARM.extab      0x0000000008001e74        0x0
                0x0000000008001e74                . = ALIGN (0x4)
 *(.ARM.extab* .gnu.linkonce.armextab.*)
                0x0000000008001e74                . = ALIGN (0x4)

.ARM            0x0000000008001e74        0x0
                0x0000000008001e74                . = ALIGN (0x4)
                0x0000000008001e74                __exidx_start = .
 *(.ARM.exidx*)
                0x0000000008001e74                __exidx_end = .
                0x0000000008001e74                . = ALIGN (0x4)

.preinit_array  0x0000000008001e74        0x0
                0x0000000008001e74                . = ALIGN (0x4)
                0x0000000008001e74                PROVIDE (__preinit_array_start = .)
 *(.preinit_array*)
                0x0000000008001e74                PROVIDE (__preinit_array_end = .)
                0x0000000008001e74                . = ALIGN (0x4)

.init_array     0x0000000008001e74        0x4
                0x0000000008001e74                . = ALIGN (0x4)
                0x0000000008001e74                PROVIDE (__init_array_start = .)
 *(SORT_BY_NAME(.init_array.*))
 *(.init_array*)
 .init_array    0x0000000008001e74        0x4 d:/software/stm32/stm32cubeide_1.5.0/stm32cubeide/plugins/com.st.stm32cube.ide.mcu.externaltools.gnu-tools-for-stm32.7-2018-q2-update.win32_1.5.0.202011040924/tools/bin/../lib/gcc/arm-none-eabi/7.3.1/thumb/v7e-m/fpv4-sp/hard/crtbegin.o
                0x0000000008001e78                PROVIDE (__init_array_end = .)
                0x0000000008001e78                . = ALIGN (0x4)

.fini_array     0x0000000008001e78        0x4
                0x0000000008001e78                . = ALIGN (0x4)
                [!provide]                        PROVIDE (__fini_array_start = .)
 *(SORT_BY_NAME(.fini_array.*))
 *(.fini_array*)
 .fini_array    0x0000000008001e78        0x4 d:/software/stm32/stm32cubeide_1.5.0/stm32cubeide/plugins/com.st.stm32cube.ide.mcu.externaltools.gnu-tools-for-stm32.7-2018-q2-update.win32_1.5.0.202011040924/tools/bin/../lib/gcc/arm-none-eabi/7.3.1/thumb/v7e-m/fpv4-sp/hard/crtbegin.o
                [!provide]                        PROVIDE (__fini_array_end = .)
                0x0000000008001e7c                . = ALIGN (0x4)
                0x0000000008001e7c                _sidata = LOADADDR (.data)

.data           0x0000000020000000        0xc load address 0x0000000008001e7c
                0x0000000020000000                . = ALIGN (0x4)
                0x0000000020000000                _sdata = .
 *(.data)
 *(.data*)
 .data.SystemCoreClock
                0x0000000020000000        0x4 Core/Src/system_stm32f3xx.o
                0x0000000020000000                SystemCoreClock
 .data.uwTickPrio
                0x0000000020000004        0x4 Drivers/STM32F3xx_HAL_Driver/Src/stm32f3xx_hal.o
                0x0000000020000004                uwTickPrio
 .data.uwTickFreq
                0x0000000020000008        0x1 Drivers/STM32F3xx_HAL_Driver/Src/stm32f3xx_hal.o
                0x0000000020000008                uwTickFreq
 *(.RamFunc)
 *(.RamFunc*)
                0x000000002000000c                . = ALIGN (0x4)
 *fill*         0x0000000020000009        0x3 
                0x000000002000000c                _edata = .

.igot.plt       0x000000002000000c        0x0 load address 0x0000000008001e88
 .igot.plt      0x000000002000000c        0x0 d:/software/stm32/stm32cubeide_1.5.0/stm32cubeide/plugins/com.st.stm32cube.ide.mcu.externaltools.gnu-tools-for-stm32.7-2018-q2-update.win32_1.5.0.202011040924/tools/bin/../lib/gcc/arm-none-eabi/7.3.1/thumb/v7e-m/fpv4-sp/hard/crtbegin.o
                0x000000002000000c                . = ALIGN (0x4)

.bss            0x000000002000000c       0x20 load address 0x0000000008001e88
                0x000000002000000c                _sbss = .
                0x000000002000000c                __bss_start__ = _sbss
 *(.bss)
 .bss           0x000000002000000c       0x1c d:/software/stm32/stm32cubeide_1.5.0/stm32cubeide/plugins/com.st.stm32cube.ide.mcu.externaltools.gnu-tools-for-stm32.7-2018-q2-update.win32_1.5.0.202011040924/tools/bin/../lib/gcc/arm-none-eabi/7.3.1/thumb/v7e-m/fpv4-sp/hard/crtbegin.o
 *(.bss*)
 *(COMMON)
 COMMON         0x0000000020000028        0x4 Drivers/STM32F3xx_HAL_Driver/Src/stm32f3xx_hal.o
                0x0000000020000028                uwTick
                0x000000002000002c                . = ALIGN (0x4)
                0x000000002000002c                _ebss = .
                0x000000002000002c                __bss_end__ = _ebss

._user_heap_stack
                0x000000002000002c      0x604 load address 0x0000000008001e88
                0x0000000020000030                . = ALIGN (0x8)
 *fill*         0x000000002000002c        0x4 
                [!provide]                        PROVIDE (end = .)
                0x0000000020000030                PROVIDE (_end = .)
                0x0000000020000230                . = (. + _Min_Heap_Size)
 *fill*         0x0000000020000030      0x200 
                0x0000000020000630                . = (. + _Min_Stack_Size)
 *fill*         0x0000000020000230      0x400 
                0x0000000020000630                . = ALIGN (0x8)

/DISCARD/
 libc.a(*)
 libm.a(*)
 libgcc.a(*)

.ARM.attributes
                0x0000000000000000       0x30
 *(.ARM.attributes)
 .ARM.attributes
                0x0000000000000000       0x22 d:/software/stm32/stm32cubeide_1.5.0/stm32cubeide/plugins/com.st.stm32cube.ide.mcu.externaltools.gnu-tools-for-stm32.7-2018-q2-update.win32_1.5.0.202011040924/tools/bin/../lib/gcc/arm-none-eabi/7.3.1/thumb/v7e-m/fpv4-sp/hard/crti.o
 .ARM.attributes
                0x0000000000000022       0x34 d:/software/stm32/stm32cubeide_1.5.0/stm32cubeide/plugins/com.st.stm32cube.ide.mcu.externaltools.gnu-tools-for-stm32.7-2018-q2-update.win32_1.5.0.202011040924/tools/bin/../lib/gcc/arm-none-eabi/7.3.1/thumb/v7e-m/fpv4-sp/hard/crtbegin.o
 .ARM.attributes
                0x0000000000000056       0x39 Core/Src/main.o
 .ARM.attributes
                0x000000000000008f       0x39 Core/Src/stm32f3xx_hal_msp.o
 .ARM.attributes
                0x00000000000000c8       0x39 Core/Src/stm32f3xx_it.o
 .ARM.attributes
                0x0000000000000101       0x39 Core/Src/system_stm32f3xx.o
 .ARM.attributes
                0x000000000000013a       0x21 Core/Startup/startup_stm32f303retx.o
 .ARM.attributes
                0x000000000000015b       0x39 Drivers/STM32F3xx_HAL_Driver/Src/stm32f3xx_hal.o
 .ARM.attributes
                0x0000000000000194       0x39 Drivers/STM32F3xx_HAL_Driver/Src/stm32f3xx_hal_cortex.o
 .ARM.attributes
                0x00000000000001cd       0x39 Drivers/STM32F3xx_HAL_Driver/Src/stm32f3xx_hal_gpio.o
 .ARM.attributes
                0x0000000000000206       0x39 Drivers/STM32F3xx_HAL_Driver/Src/stm32f3xx_hal_pwr.o
 .ARM.attributes
                0x000000000000023f       0x39 Drivers/STM32F3xx_HAL_Driver/Src/stm32f3xx_hal_rcc.o
 .ARM.attributes
                0x0000000000000278       0x34 d:/software/stm32/stm32cubeide_1.5.0/stm32cubeide/plugins/com.st.stm32cube.ide.mcu.externaltools.gnu-tools-for-stm32.7-2018-q2-update.win32_1.5.0.202011040924/tools/bin/../lib/gcc/arm-none-eabi/7.3.1/../../../../arm-none-eabi/lib/thumb/v7e-m/fpv4-sp/hard\libc_nano.a(lib_a-init.o)
 .ARM.attributes
                0x00000000000002ac       0x34 d:/software/stm32/stm32cubeide_1.5.0/stm32cubeide/plugins/com.st.stm32cube.ide.mcu.externaltools.gnu-tools-for-stm32.7-2018-q2-update.win32_1.5.0.202011040924/tools/bin/../lib/gcc/arm-none-eabi/7.3.1/../../../../arm-none-eabi/lib/thumb/v7e-m/fpv4-sp/hard\libc_nano.a(lib_a-memset.o)
 .ARM.attributes
                0x00000000000002e0       0x22 d:/software/stm32/stm32cubeide_1.5.0/stm32cubeide/plugins/com.st.stm32cube.ide.mcu.externaltools.gnu-tools-for-stm32.7-2018-q2-update.win32_1.5.0.202011040924/tools/bin/../lib/gcc/arm-none-eabi/7.3.1/thumb/v7e-m/fpv4-sp/hard/crtn.o
OUTPUT(b13_sleepmode.elf elf32-littlearm)

.debug_info     0x0000000000000000     0x4bb7
 .debug_info    0x0000000000000000      0x77d Core/Src/main.o
 .debug_info    0x000000000000077d      0x278 Core/Src/stm32f3xx_hal_msp.o
 .debug_info    0x00000000000009f5      0x234 Core/Src/stm32f3xx_it.o
 .debug_info    0x0000000000000c29      0x45c Core/Src/system_stm32f3xx.o
 .debug_info    0x0000000000001085       0x22 Core/Startup/startup_stm32f303retx.o
 .debug_info    0x00000000000010a7      0x812 Drivers/STM32F3xx_HAL_Driver/Src/stm32f3xx_hal.o
 .debug_info    0x00000000000018b9      0xdc9 Drivers/STM32F3xx_HAL_Driver/Src/stm32f3xx_hal_cortex.o
 .debug_info    0x0000000000002682      0x7c1 Drivers/STM32F3xx_HAL_Driver/Src/stm32f3xx_hal_gpio.o
 .debug_info    0x0000000000002e43      0x555 Drivers/STM32F3xx_HAL_Driver/Src/stm32f3xx_hal_pwr.o
 .debug_info    0x0000000000003398     0x181f Drivers/STM32F3xx_HAL_Driver/Src/stm32f3xx_hal_rcc.o

.debug_abbrev   0x0000000000000000      0xf32
 .debug_abbrev  0x0000000000000000      0x1ba Core/Src/main.o
 .debug_abbrev  0x00000000000001ba      0x109 Core/Src/stm32f3xx_hal_msp.o
 .debug_abbrev  0x00000000000002c3       0xc6 Core/Src/stm32f3xx_it.o
 .debug_abbrev  0x0000000000000389      0x12b Core/Src/system_stm32f3xx.o
 .debug_abbrev  0x00000000000004b4       0x12 Core/Startup/startup_stm32f303retx.o
 .debug_abbrev  0x00000000000004c6      0x1c7 Drivers/STM32F3xx_HAL_Driver/Src/stm32f3xx_hal.o
 .debug_abbrev  0x000000000000068d      0x2fa Drivers/STM32F3xx_HAL_Driver/Src/stm32f3xx_hal_cortex.o
 .debug_abbrev  0x0000000000000987      0x1c0 Drivers/STM32F3xx_HAL_Driver/Src/stm32f3xx_hal_gpio.o
 .debug_abbrev  0x0000000000000b47      0x15f Drivers/STM32F3xx_HAL_Driver/Src/stm32f3xx_hal_pwr.o
 .debug_abbrev  0x0000000000000ca6      0x28c Drivers/STM32F3xx_HAL_Driver/Src/stm32f3xx_hal_rcc.o

.debug_aranges  0x0000000000000000      0x460
 .debug_aranges
                0x0000000000000000       0x38 Core/Src/main.o
 .debug_aranges
                0x0000000000000038       0x20 Core/Src/stm32f3xx_hal_msp.o
 .debug_aranges
                0x0000000000000058       0x68 Core/Src/stm32f3xx_it.o
 .debug_aranges
                0x00000000000000c0       0x28 Core/Src/system_stm32f3xx.o
 .debug_aranges
                0x00000000000000e8       0x28 Core/Startup/startup_stm32f303retx.o
 .debug_aranges
                0x0000000000000110       0xe0 Drivers/STM32F3xx_HAL_Driver/Src/stm32f3xx_hal.o
 .debug_aranges
                0x00000000000001f0      0x118 Drivers/STM32F3xx_HAL_Driver/Src/stm32f3xx_hal_cortex.o
 .debug_aranges
                0x0000000000000308       0x58 Drivers/STM32F3xx_HAL_Driver/Src/stm32f3xx_hal_gpio.o
 .debug_aranges
                0x0000000000000360       0x78 Drivers/STM32F3xx_HAL_Driver/Src/stm32f3xx_hal_pwr.o
 .debug_aranges
                0x00000000000003d8       0x88 Drivers/STM32F3xx_HAL_Driver/Src/stm32f3xx_hal_rcc.o

.debug_ranges   0x0000000000000000      0x3c8
 .debug_ranges  0x0000000000000000       0x28 Core/Src/main.o
 .debug_ranges  0x0000000000000028       0x10 Core/Src/stm32f3xx_hal_msp.o
 .debug_ranges  0x0000000000000038       0x58 Core/Src/stm32f3xx_it.o
 .debug_ranges  0x0000000000000090       0x18 Core/Src/system_stm32f3xx.o
 .debug_ranges  0x00000000000000a8       0x20 Core/Startup/startup_stm32f303retx.o
 .debug_ranges  0x00000000000000c8       0xd0 Drivers/STM32F3xx_HAL_Driver/Src/stm32f3xx_hal.o
 .debug_ranges  0x0000000000000198      0x108 Drivers/STM32F3xx_HAL_Driver/Src/stm32f3xx_hal_cortex.o
 .debug_ranges  0x00000000000002a0       0x48 Drivers/STM32F3xx_HAL_Driver/Src/stm32f3xx_hal_gpio.o
 .debug_ranges  0x00000000000002e8       0x68 Drivers/STM32F3xx_HAL_Driver/Src/stm32f3xx_hal_pwr.o
 .debug_ranges  0x0000000000000350       0x78 Drivers/STM32F3xx_HAL_Driver/Src/stm32f3xx_hal_rcc.o

.debug_macro    0x0000000000000000    0x1e3ac
 .debug_macro   0x0000000000000000      0x1b9 Core/Src/main.o
 .debug_macro   0x00000000000001b9      0xa5a Core/Src/main.o
 .debug_macro   0x0000000000000c13      0x14b Core/Src/main.o
 .debug_macro   0x0000000000000d5e       0x2e Core/Src/main.o
 .debug_macro   0x0000000000000d8c       0x28 Core/Src/main.o
 .debug_macro   0x0000000000000db4       0x22 Core/Src/main.o
 .debug_macro   0x0000000000000dd6       0x8e Core/Src/main.o
 .debug_macro   0x0000000000000e64       0x51 Core/Src/main.o
 .debug_macro   0x0000000000000eb5       0xef Core/Src/main.o
 .debug_macro   0x0000000000000fa4       0x6a Core/Src/main.o
 .debug_macro   0x000000000000100e      0x1df Core/Src/main.o
 .debug_macro   0x00000000000011ed       0x1c Core/Src/main.o
 .debug_macro   0x0000000000001209       0x22 Core/Src/main.o
 .debug_macro   0x000000000000122b       0xdf Core/Src/main.o
 .debug_macro   0x000000000000130a     0x102d Core/Src/main.o
 .debug_macro   0x0000000000002337      0x11f Core/Src/main.o
 .debug_macro   0x0000000000002456    0x15353 Core/Src/main.o
 .debug_macro   0x00000000000177a9       0x43 Core/Src/main.o
 .debug_macro   0x00000000000177ec     0x35e9 Core/Src/main.o
 .debug_macro   0x000000000001add5      0x174 Core/Src/main.o
 .debug_macro   0x000000000001af49       0x55 Core/Src/main.o
 .debug_macro   0x000000000001af9e      0x954 Core/Src/main.o
 .debug_macro   0x000000000001b8f2      0x84a Core/Src/main.o
 .debug_macro   0x000000000001c13c      0x12f Core/Src/main.o
 .debug_macro   0x000000000001c26b      0x23a Core/Src/main.o
 .debug_macro   0x000000000001c4a5      0x1ea Core/Src/main.o
 .debug_macro   0x000000000001c68f      0x1bc Core/Src/main.o
 .debug_macro   0x000000000001c84b       0x30 Core/Src/main.o
 .debug_macro   0x000000000001c87b       0x3c Core/Src/main.o
 .debug_macro   0x000000000001c8b7      0x236 Core/Src/main.o
 .debug_macro   0x000000000001caed       0xc5 Core/Src/main.o
 .debug_macro   0x000000000001cbb2      0x21d Core/Src/main.o
 .debug_macro   0x000000000001cdcf      0x22c Core/Src/main.o
 .debug_macro   0x000000000001cffb       0x5b Core/Src/main.o
 .debug_macro   0x000000000001d056       0xa5 Core/Src/main.o
 .debug_macro   0x000000000001d0fb       0x81 Core/Src/main.o
 .debug_macro   0x000000000001d17c       0xd3 Core/Src/main.o
 .debug_macro   0x000000000001d24f      0x347 Core/Src/main.o
 .debug_macro   0x000000000001d596      0x1b9 Core/Src/stm32f3xx_hal_msp.o
 .debug_macro   0x000000000001d74f      0x1c3 Core/Src/stm32f3xx_it.o
 .debug_macro   0x000000000001d912      0x1af Core/Src/system_stm32f3xx.o
 .debug_macro   0x000000000001dac1      0x1d3 Drivers/STM32F3xx_HAL_Driver/Src/stm32f3xx_hal.o
 .debug_macro   0x000000000001dc94      0x1af Drivers/STM32F3xx_HAL_Driver/Src/stm32f3xx_hal_cortex.o
 .debug_macro   0x000000000001de43      0x1e7 Drivers/STM32F3xx_HAL_Driver/Src/stm32f3xx_hal_gpio.o
 .debug_macro   0x000000000001e02a      0x1af Drivers/STM32F3xx_HAL_Driver/Src/stm32f3xx_hal_pwr.o
 .debug_macro   0x000000000001e1d9      0x1d3 Drivers/STM32F3xx_HAL_Driver/Src/stm32f3xx_hal_rcc.o

.debug_line     0x0000000000000000     0x4d29
 .debug_line    0x0000000000000000      0x728 Core/Src/main.o
 .debug_line    0x0000000000000728      0x6b8 Core/Src/stm32f3xx_hal_msp.o
 .debug_line    0x0000000000000de0      0x772 Core/Src/stm32f3xx_it.o
 .debug_line    0x0000000000001552      0x6d7 Core/Src/system_stm32f3xx.o
 .debug_line    0x0000000000001c29       0x88 Core/Startup/startup_stm32f303retx.o
 .debug_line    0x0000000000001cb1      0x893 Drivers/STM32F3xx_HAL_Driver/Src/stm32f3xx_hal.o
 .debug_line    0x0000000000002544      0x9c8 Drivers/STM32F3xx_HAL_Driver/Src/stm32f3xx_hal_cortex.o
 .debug_line    0x0000000000002f0c      0x86e Drivers/STM32F3xx_HAL_Driver/Src/stm32f3xx_hal_gpio.o
 .debug_line    0x000000000000377a      0x7a1 Drivers/STM32F3xx_HAL_Driver/Src/stm32f3xx_hal_pwr.o
 .debug_line    0x0000000000003f1b      0xe0e Drivers/STM32F3xx_HAL_Driver/Src/stm32f3xx_hal_rcc.o

.debug_str      0x0000000000000000    0xb6d92
 .debug_str     0x0000000000000000    0xb5dad Core/Src/main.o
                                      0xb6589 (size before relaxing)
 .debug_str     0x00000000000b5dad       0x2c Core/Src/stm32f3xx_hal_msp.o
                                      0xb5ef9 (size before relaxing)
 .debug_str     0x00000000000b5dd9       0xd2 Core/Src/stm32f3xx_it.o
                                      0xb5f59 (size before relaxing)
 .debug_str     0x00000000000b5eab       0xbd Core/Src/system_stm32f3xx.o
                                      0xb5f79 (size before relaxing)
 .debug_str     0x00000000000b5f68       0x36 Core/Startup/startup_stm32f303retx.o
                                         0x5d (size before relaxing)
 .debug_str     0x00000000000b5f9e      0x317 Drivers/STM32F3xx_HAL_Driver/Src/stm32f3xx_hal.o
                                      0xb6780 (size before relaxing)
 .debug_str     0x00000000000b62b5      0x3cc Drivers/STM32F3xx_HAL_Driver/Src/stm32f3xx_hal_cortex.o
                                      0xb688e (size before relaxing)
 .debug_str     0x00000000000b6681      0x28d Drivers/STM32F3xx_HAL_Driver/Src/stm32f3xx_hal_gpio.o
                                      0xb6257 (size before relaxing)
 .debug_str     0x00000000000b690e      0x18d Drivers/STM32F3xx_HAL_Driver/Src/stm32f3xx_hal_pwr.o
                                      0xb60ae (size before relaxing)
 .debug_str     0x00000000000b6a9b      0x2f7 Drivers/STM32F3xx_HAL_Driver/Src/stm32f3xx_hal_rcc.o
                                      0xb63eb (size before relaxing)

.comment        0x0000000000000000       0x7b
 .comment       0x0000000000000000       0x7b Core/Src/main.o
                                         0x7c (size before relaxing)
 .comment       0x000000000000007b       0x7c Core/Src/stm32f3xx_hal_msp.o
 .comment       0x000000000000007b       0x7c Core/Src/stm32f3xx_it.o
 .comment       0x000000000000007b       0x7c Core/Src/system_stm32f3xx.o
 .comment       0x000000000000007b       0x7c Drivers/STM32F3xx_HAL_Driver/Src/stm32f3xx_hal.o
 .comment       0x000000000000007b       0x7c Drivers/STM32F3xx_HAL_Driver/Src/stm32f3xx_hal_cortex.o
 .comment       0x000000000000007b       0x7c Drivers/STM32F3xx_HAL_Driver/Src/stm32f3xx_hal_gpio.o
 .comment       0x000000000000007b       0x7c Drivers/STM32F3xx_HAL_Driver/Src/stm32f3xx_hal_pwr.o
 .comment       0x000000000000007b       0x7c Drivers/STM32F3xx_HAL_Driver/Src/stm32f3xx_hal_rcc.o

.debug_frame    0x0000000000000000      0xf68
 .debug_frame   0x0000000000000000       0x90 Core/Src/main.o
 .debug_frame   0x0000000000000090       0x38 Core/Src/stm32f3xx_hal_msp.o
 .debug_frame   0x00000000000000c8      0x120 Core/Src/stm32f3xx_it.o
 .debug_frame   0x00000000000001e8       0x58 Core/Src/system_stm32f3xx.o
 .debug_frame   0x0000000000000240      0x334 Drivers/STM32F3xx_HAL_Driver/Src/stm32f3xx_hal.o
 .debug_frame   0x0000000000000574      0x498 Drivers/STM32F3xx_HAL_Driver/Src/stm32f3xx_hal_cortex.o
 .debug_frame   0x0000000000000a0c      0x14c Drivers/STM32F3xx_HAL_Driver/Src/stm32f3xx_hal_gpio.o
 .debug_frame   0x0000000000000b58      0x1b0 Drivers/STM32F3xx_HAL_Driver/Src/stm32f3xx_hal_pwr.o
 .debug_frame   0x0000000000000d08      0x214 Drivers/STM32F3xx_HAL_Driver/Src/stm32f3xx_hal_rcc.o
 .debug_frame   0x0000000000000f1c       0x2c d:/software/stm32/stm32cubeide_1.5.0/stm32cubeide/plugins/com.st.stm32cube.ide.mcu.externaltools.gnu-tools-for-stm32.7-2018-q2-update.win32_1.5.0.202011040924/tools/bin/../lib/gcc/arm-none-eabi/7.3.1/../../../../arm-none-eabi/lib/thumb/v7e-m/fpv4-sp/hard\libc_nano.a(lib_a-init.o)
 .debug_frame   0x0000000000000f48       0x20 d:/software/stm32/stm32cubeide_1.5.0/stm32cubeide/plugins/com.st.stm32cube.ide.mcu.externaltools.gnu-tools-for-stm32.7-2018-q2-update.win32_1.5.0.202011040924/tools/bin/../lib/gcc/arm-none-eabi/7.3.1/../../../../arm-none-eabi/lib/thumb/v7e-m/fpv4-sp/hard\libc_nano.a(lib_a-memset.o)
