16:59:43 **** Incremental Build of configuration Debug for project b3 gpio ****
make -j8 all 
arm-none-eabi-gcc "../Core/Src/main.c" -mcpu=cortex-m4 -std=gnu11 -g3 -DUSE_HAL_DRIVER -DSTM32F303xE -DDEBUG -c -I../Core/Inc -I../Drivers/STM32F3xx_HAL_Driver/Inc -I../Drivers/STM32F3xx_HAL_Driver/Inc/Legacy -I../Drivers/CMSIS/Device/ST/STM32F3xx/Include -I../Drivers/CMSIS/Include -O0 -ffunction-sections -fdata-sections -Wall -fstack-usage -MMD -MP -MF"Core/Src/main.d" -MT"Core/Src/main.o" --specs=nano.specs -mfpu=fpv4-sp-d16 -mfloat-abi=hard -mthumb -o "Core/Src/main.o"
arm-none-eabi-gcc -o "b3 gpio.elf" @"objects.list"   -mcpu=cortex-m4 -T"D:\stm32\workspace\b3 gpio\STM32F303RETX_FLASH.ld" --specs=nosys.specs -Wl,-Map="b3 gpio.map" -Wl,--gc-sections -static --specs=nano.specs -mfpu=fpv4-sp-d16 -mfloat-abi=hard -mthumb -Wl,--start-group -lc -lm -Wl,--end-group
Finished building target: b3 gpio.elf
 
arm-none-eabi-objdump -h -S  b3\ gpio.elf  > "b3 gpio.list"
arm-none-eabi-objcopy  -O binary  b3\ gpio.elf  "b3 gpio.bin"
arm-none-eabi-size   b3\ gpio.elf 
   text	   data	    bss	    dec	    hex	filename
   7352	     20	   1572	   8944	   22f0	b3 gpio.elf
Finished building: default.size.stdout
 
Finished building: b3 gpio.list
Finished building: b3 gpio.bin
 
 

16:59:44 Build Finished. 0 errors, 0 warnings. (took 1s.276ms)

