09:08:50 **** Incremental Build of configuration Debug for project b4 gpio ****
make -j8 all 
arm-none-eabi-gcc "../Core/Src/main.c" -mcpu=cortex-m4 -std=gnu11 -g3 -DUSE_HAL_DRIVER -DSTM32F303xE -DDEBUG -c -I../Core/Inc -I../Drivers/STM32F3xx_HAL_Driver/Inc -I../Drivers/STM32F3xx_HAL_Driver/Inc/Legacy -I../Drivers/CMSIS/Device/ST/STM32F3xx/Include -I../Drivers/CMSIS/Include -O0 -ffunction-sections -fdata-sections -Wall -fstack-usage -MMD -MP -MF"Core/Src/main.d" -MT"Core/Src/main.o" --specs=nano.specs -mfpu=fpv4-sp-d16 -mfloat-abi=hard -mthumb -o "Core/Src/main.o"
arm-none-eabi-gcc -o "b4 gpio.elf" @"objects.list"   -mcpu=cortex-m4 -T"D:\stm32\workspace\b4 gpio\STM32F303RETX_FLASH.ld" --specs=nosys.specs -Wl,-Map="b4 gpio.map" -Wl,--gc-sections -static --specs=nano.specs -mfpu=fpv4-sp-d16 -mfloat-abi=hard -mthumb -Wl,--start-group -lc -lm -Wl,--end-group
Finished building target: b4 gpio.elf
 
arm-none-eabi-objdump -h -S  b4\ gpio.elf  > "b4 gpio.list"
arm-none-eabi-objcopy  -O binary  b4\ gpio.elf  "b4 gpio.bin"
arm-none-eabi-size   b4\ gpio.elf 
   text	   data	    bss	    dec	    hex	filename
   7512	     20	   1572	   9104	   2390	b4 gpio.elf
Finished building: default.size.stdout
 
Finished building: b4 gpio.bin
Finished building: b4 gpio.list
 
 

09:08:51 Build Finished. 0 errors, 0 warnings. (took 875ms)

