20:54:33 **** Incremental Build of configuration Debug for project b6 ****
make -j8 all 
arm-none-eabi-gcc "../Core/Src/main.c" -mcpu=cortex-m4 -std=gnu11 -g3 -DUSE_HAL_DRIVER -DSTM32F303xE -DDEBUG -c -I../Core/Inc -I../Drivers/STM32F3xx_HAL_Driver/Inc -I../Drivers/STM32F3xx_HAL_Driver/Inc/Legacy -I../Drivers/CMSIS/Device/ST/STM32F3xx/Include -I../Drivers/CMSIS/Include -O0 -ffunction-sections -fdata-sections -Wall -fstack-usage -MMD -MP -MF"Core/Src/main.d" -MT"Core/Src/main.o" --specs=nano.specs -mfpu=fpv4-sp-d16 -mfloat-abi=hard -mthumb -o "Core/Src/main.o"
arm-none-eabi-gcc -o "b6.elf" @"objects.list"   -mcpu=cortex-m4 -T"D:\stm32\workspace\b6\STM32F303RETX_FLASH.ld" --specs=nosys.specs -Wl,-Map="b6.map" -Wl,--gc-sections -static --specs=nano.specs -mfpu=fpv4-sp-d16 -mfloat-abi=hard -mthumb -Wl,--start-group -lc -lm -Wl,--end-group
Finished building target: b6.elf
 
arm-none-eabi-objdump -h -S  b6.elf  > "b6.list"
arm-none-eabi-objcopy  -O binary  b6.elf  "b6.bin"
arm-none-eabi-size   b6.elf 
   text	   data	    bss	    dec	    hex	filename
   7676	     20	   1572	   9268	   2434	b6.elf
Finished building: default.size.stdout
 
Finished building: b6.bin
 
Finished building: b6.list
 

20:54:34 Build Finished. 0 errors, 0 warnings. (took 872ms)

