07:43:21 **** Incremental Build of configuration Debug for project iwdg ****
make -j8 all 
arm-none-eabi-gcc "../Core/Src/main.c" -mcpu=cortex-m4 -std=gnu11 -g3 -DUSE_HAL_DRIVER -DSTM32F303xE -DDEBUG -c -I../Core/Inc -I../Drivers/STM32F3xx_HAL_Driver/Inc -I../Drivers/STM32F3xx_HAL_Driver/Inc/Legacy -I../Drivers/CMSIS/Device/ST/STM32F3xx/Include -I../Drivers/CMSIS/Include -O0 -ffunction-sections -fdata-sections -Wall -fstack-usage -MMD -MP -MF"Core/Src/main.d" -MT"Core/Src/main.o" --specs=nano.specs -mfpu=fpv4-sp-d16 -mfloat-abi=hard -mthumb -o "Core/Src/main.o"
arm-none-eabi-gcc -o "iwdg.elf" @"objects.list"   -mcpu=cortex-m4 -T"D:\stm32\workspace\iwdg\STM32F303RETX_FLASH.ld" --specs=nosys.specs -Wl,-Map="iwdg.map" -Wl,--gc-sections -static --specs=nano.specs -mfpu=fpv4-sp-d16 -mfloat-abi=hard -mthumb -Wl,--start-group -lc -lm -Wl,--end-group
Finished building target: iwdg.elf
 
arm-none-eabi-objdump -h -S  iwdg.elf  > "iwdg.list"
arm-none-eabi-objcopy  -O binary  iwdg.elf  "iwdg.bin"
arm-none-eabi-size   iwdg.elf 
   text	   data	    bss	    dec	    hex	filename
   7900	     20	   1588	   9508	   2524	iwdg.elf
Finished building: default.size.stdout
 
Finished building: iwdg.bin
Finished building: iwdg.list
 
 

07:43:24 Build Finished. 0 errors, 0 warnings. (took 3s.104ms)

