21:09:43 **** Incremental Build of configuration Debug for project rtc_alarm1 ****
make -j8 all 
arm-none-eabi-gcc "../Core/Src/main.c" -mcpu=cortex-m4 -std=gnu11 -g3 -DUSE_HAL_DRIVER -DSTM32F303xE -DDEBUG -c -I../Core/Inc -I../Drivers/STM32F3xx_HAL_Driver/Inc -I../Drivers/STM32F3xx_HAL_Driver/Inc/Legacy -I../Drivers/CMSIS/Device/ST/STM32F3xx/Include -I../Drivers/CMSIS/Include -O0 -ffunction-sections -fdata-sections -Wall -fstack-usage -MMD -MP -MF"Core/Src/main.d" -MT"Core/Src/main.o" --specs=nano.specs -mfpu=fpv4-sp-d16 -mfloat-abi=hard -mthumb -o "Core/Src/main.o"
arm-none-eabi-gcc -o "rtc_alarm1.elf" @"objects.list"   -mcpu=cortex-m4 -T"D:\stm32\workspace\rtc_alarm1\STM32F303RETX_FLASH.ld" --specs=nosys.specs -Wl,-Map="rtc_alarm1.map" -Wl,--gc-sections -static --specs=nano.specs -mfpu=fpv4-sp-d16 -mfloat-abi=hard -mthumb -Wl,--start-group -lc -lm -Wl,--end-group
Finished building target: rtc_alarm1.elf
 
arm-none-eabi-objdump -h -S  rtc_alarm1.elf  > "rtc_alarm1.list"
arm-none-eabi-objcopy  -O binary  rtc_alarm1.elf  "rtc_alarm1.bin"
arm-none-eabi-size   rtc_alarm1.elf 
   text	   data	    bss	    dec	    hex	filename
  10704	     20	   1668	  12392	   3068	rtc_alarm1.elf
Finished building: default.size.stdout
 
Finished building: rtc_alarm1.bin
Finished building: rtc_alarm1.list
 
 

21:09:44 Build Finished. 0 errors, 0 warnings. (took 795ms)

