15:36:34 **** Build of configuration Debug for project flash ****
make -j8 all 
arm-none-eabi-gcc "../Core/Src/main.c" -mcpu=cortex-m4 -std=gnu11 -g3 -DUSE_HAL_DRIVER -DSTM32F303xE -DDEBUG -c -I../Core/Inc -I../Drivers/STM32F3xx_HAL_Driver/Inc -I../Drivers/STM32F3xx_HAL_Driver/Inc/Legacy -I../Drivers/CMSIS/Device/ST/STM32F3xx/Include -I../Drivers/CMSIS/Include -O0 -ffunction-sections -fdata-sections -Wall -fstack-usage -MMD -MP -MF"Core/Src/main.d" -MT"Core/Src/main.o" --specs=nano.specs -mfpu=fpv4-sp-d16 -mfloat-abi=hard -mthumb -o "Core/Src/main.o"
arm-none-eabi-gcc -o "flash.elf" @"objects.list"   -mcpu=cortex-m4 -T"D:\stm32\Sanphamcuoikhoa\IR\flash\STM32F303RETX_FLASH.ld" --specs=nosys.specs -Wl,-Map="flash.map" -Wl,--gc-sections -static --specs=nano.specs -mfpu=fpv4-sp-d16 -mfloat-abi=hard -mthumb -Wl,--start-group -lc -lm -Wl,--end-group
Finished building target: flash.elf
 
arm-none-eabi-objdump -h -S  flash.elf  > "flash.list"
arm-none-eabi-objcopy  -O binary  flash.elf  "flash.bin"
arm-none-eabi-size   flash.elf 
   text	   data	    bss	    dec	    hex	filename
   6360	     20	   1572	   7952	   1f10	flash.elf
Finished building: flash.list
Finished building: default.size.stdout
 
 
Finished building: flash.bin
 

15:36:36 Build Finished. 0 errors, 0 warnings. (took 1s.937ms)

